

================================================================
== Synthesis Summary Report of 'lms_filter'
================================================================
+ General Information: 
    * Date:           Sun Apr  5 15:19:48 2026
    * Version:        2025.2 (Build 6295257 on Nov 14 2025)
    * Project:        lms_filter
    * Solution:       hls (Vivado IP Flow Target)
    * Product family: zynq
    * Target device:  xc7z007s-clg400-1
    

* Performance & Resource Estimates: 
+----------------------------------------+--------+---------------+----------+---------+------+----------+---------+-----------+--------+------+----------+-----------+------------+-----+
|                 Modules                |  Issue |               | Iteration|         | Trip |          |       Latency       |        |      |          |           |            |     |
|                 & Loops                |  Type  | Violation Type|  Latency | Interval| Count| Pipelined| (cycles)|    (ns)   |  Slack | BRAM |    DSP   |     FF    |     LUT    | URAM|
+----------------------------------------+--------+---------------+----------+---------+------+----------+---------+-----------+--------+------+----------+-----------+------------+-----+
|+ lms_filter                            |  Timing|              -|         -|       93|     -|        no|       92|  4.300e+03|  -39.44|     -|  10 (15%)|  1354 (4%)|  2127 (14%)|    -|
| + lms_filter_Pipeline_VITIS_LOOP_32_1  |       -|              -|         -|        -|     -|       yes|       17|    170.000|    1.66|     -|         -|   11 (~0%)|    64 (~0%)|    -|
|  o VITIS_LOOP_32_1                     |       -|              -|         2|        1|    15|       yes|       15|    150.000|    7.30|     -|         -|          -|           -|    -|
| + lms_filter_Pipeline_VITIS_LOOP_40_2  |  Timing|              -|         -|        -|     -|       yes|       23|  1.075e+03|  -39.44|     -|    2 (3%)|   324 (1%)|    500 (3%)|    -|
|  o VITIS_LOOP_40_2                     |       -|              -|         7|        1|    16|       yes|       21|    981.624|    7.30|     -|         -|          -|           -|    -|
| + lms_filter_Pipeline_VITIS_LOOP_48_3  |       -|              -|         -|        -|     -|       yes|       28|    280.000|    0.04|     -|         -|  224 (~0%)|    97 (~0%)|    -|
|  o VITIS_LOOP_48_3                     |       -|              -|        12|        1|    16|       yes|       26|    260.000|    7.30|     -|         -|          -|           -|    -|
+----------------------------------------+--------+---------------+----------+---------+------+----------+---------+-----------+--------+------+----------+-----------+------------+-----+
    Name Prefix: '+' for module, 'o' for loop, '*' for dataflow


================================================================
== HW Interfaces
================================================================
* AXIS
+-----------+-----------+---------------+-------+-------+-------+--------+-------+--------+
| Interface | Direction | Register Mode | TDATA | TKEEP | TLAST | TREADY | TSTRB | TVALID |
+-----------+-----------+---------------+-------+-------+-------+--------+-------+--------+
| d_in      | in        | both          | 8     | 1     | 1     | 1      | 1     | 1      |
| e_out     | out       | both          | 32    | 4     | 1     | 1      | 4     | 1      |
| x_in      | in        | both          | 8     | 1     | 1     | 1      | 1     | 1      |
+-----------+-----------+---------------+-------+-------+-------+--------+-------+--------+

* TOP LEVEL CONTROL
+-----------+--------------+----------+
| Interface | Type         | Ports    |
+-----------+--------------+----------+
| ap_clk    | clock        | ap_clk   |
| ap_rst_n  | reset        | ap_rst_n |
| ap_ctrl   | ap_ctrl_none |          |
+-----------+--------------+----------+


================================================================
== SW I/O Information
================================================================
* Top Function Arguments
+----------+-----------+------------------------------------------------------------------------------+
| Argument | Direction | Datatype                                                                     |
+----------+-----------+------------------------------------------------------------------------------+
| x_in     | in        | stream<hls::axis<ap_uint<8>, 0UL, 0UL, 0UL, (unsigned char)'8', false>, 0>&  |
| d_in     | in        | stream<hls::axis<ap_uint<8>, 0UL, 0UL, 0UL, (unsigned char)'8', false>, 0>&  |
| e_out    | out       | stream<hls::axis<ap_uint<32>, 0UL, 0UL, 0UL, (unsigned char)'8', false>, 0>& |
+----------+-----------+------------------------------------------------------------------------------+

* SW-to-HW Mapping
+----------+--------------+-----------+
| Argument | HW Interface | HW Type   |
+----------+--------------+-----------+
| x_in     | x_in         | interface |
| d_in     | d_in         | interface |
| e_out    | e_out        | interface |
+----------+--------------+-----------+


================================================================
== Bind Op Report
================================================================
+------------------------------------------+-----+--------+-----------+--------+---------+---------+
| Name                                     | DSP | Pragma | Variable  | Op     | Impl    | Latency |
+------------------------------------------+-----+--------+-----------+--------+---------+---------+
| + lms_filter                             | 10  |        |           |        |         |         |
|   xor_ln28_fu_238_p2                     |     |        | xor_ln28  | xor    | auto    | 0       |
|   sitofp_32s_32_6_no_dsp_1_U15           |     |        | conv3     | sitofp | auto    | 5       |
|   fmul_32ns_32ns_32_4_max_dsp_1_U14      | 3   |        | x         | fmul   | maxdsp  | 3       |
|   xor_ln29_fu_277_p2                     |     |        | xor_ln29  | xor    | auto    | 0       |
|   sitofp_32s_32_6_no_dsp_1_U15           |     |        | conv8     | sitofp | auto    | 5       |
|   fmul_32ns_32ns_32_4_max_dsp_1_U14      | 3   |        | d         | fmul   | maxdsp  | 3       |
|   faddfsub_32ns_32ns_32_5_full_dsp_1_U13 | 2   |        | e         | fsub   | fulldsp | 4       |
|   fmul_32ns_32ns_32_4_max_dsp_1_U14      | 3   |        | mul1      | fmul   | maxdsp  | 3       |
|   or_ln59_fu_260_p2                      |     |        | or_ln59   | or     | auto    | 0       |
|  + lms_filter_Pipeline_VITIS_LOOP_32_1   | 0   |        |           |        |         |         |
|    icmp_ln32_fu_64_p2                    |     |        | icmp_ln32 | seteq  | auto    | 0       |
|    add_ln34_fu_70_p2                     |     |        | add_ln34  | add    | fabric  | 0       |
|  + lms_filter_Pipeline_VITIS_LOOP_40_2   | 2   |        |           |        |         |         |
|    icmp_ln40_fu_100_p2                   |     |        | icmp_ln40 | seteq  | auto    | 0       |
|    add_ln40_fu_106_p2                    |     |        | add_ln40  | add    | fabric  | 0       |
|    fadd_32ns_32ns_32_2_full_dsp_1_U2     | 2   |        | y_1       | fadd   | fulldsp | 1       |
|  + lms_filter_Pipeline_VITIS_LOOP_48_3   | 0   |        |           |        |         |         |
|    icmp_ln48_fu_89_p2                    |     |        | icmp_ln48 | seteq  | auto    | 0       |
|    add_ln48_fu_95_p2                     |     |        | add_ln48  | add    | fabric  | 0       |
+------------------------------------------+-----+--------+-----------+--------+---------+---------+


================================================================
== Storage Report
================================================================
+--------------+--------+------+------+------+--------+----------+------+---------+------------------+
| Name         | Usage  | Type | BRAM | URAM | Pragma | Variable | Impl | Latency | Bitwidth, Depth, |
|              |        |      |      |      |        |          |      |         | Banks            |
+--------------+--------+------+------+------+--------+----------+------+---------+------------------+
| + lms_filter |        |      | 0    | 0    |        |          |      |         |                  |
|   x_buf_U    | ram_2p |      |      |      |        | x_buf    | auto | 1       | 32, 16, 1        |
|   weights_U  | ram_2p |      |      |      |        | weights  | auto | 1       | 32, 16, 1        |
+--------------+--------+------+------+------+--------+----------+------+---------+------------------+


================================================================
== Pragma Report
================================================================
* Inferred Pragmas
+----------+---------+-------------------------------------------------------------------------------------+-------------------------------+
| Type     | Options | Location                                                                            | Inferred From                 |
+----------+---------+-------------------------------------------------------------------------------------+-------------------------------+
| PIPELINE |         | loop VITIS_LOOP_32_1 (../lms_filter.cpp:32:26) in lms_filter (../lms_filter.cpp:32) | syn.compile.pipeline_loops=64 |
+----------+---------+-------------------------------------------------------------------------------------+-------------------------------+

* Valid Pragma Syntax
+-----------+--------------------------+--------------------------------------+
| Type      | Options                  | Location                             |
+-----------+--------------------------+--------------------------------------+
| INTERFACE | axis port=x_in           | in lms_filter (../lms_filter.cpp:13) |
| INTERFACE | axis port=d_in           | in lms_filter (../lms_filter.cpp:14) |
| INTERFACE | axis port=e_out          | in lms_filter (../lms_filter.cpp:15) |
| INTERFACE | ap_ctrl_none port=return | in lms_filter (../lms_filter.cpp:16) |
| PIPELINE  | ii=1                     | in lms_filter (../lms_filter.cpp:21) |
| UNROLL    | factor=1                 | in lms_filter (../lms_filter.cpp:33) |
| PIPELINE  | ii=1                     | in lms_filter (../lms_filter.cpp:41) |
| PIPELINE  | ii=1                     | in lms_filter (../lms_filter.cpp:49) |
+-----------+--------------------------+--------------------------------------+


