

================================================================
== Vitis HLS Report for 'lms_filter_Pipeline_VITIS_LOOP_48_3'
================================================================
* Date:           Sun Apr  5 15:19:46 2026

* Version:        2025.2 (Build 6295257 on Nov 14 2025)
* Project:        lms_filter
* Solution:       hls (Vivado IP Flow Target)
* Product family: zynq
* Target device:  xc7z007s-clg400-1


================================================================
== Performance Estimates
================================================================
+ Timing: 
    * Summary: 
    +--------+----------+----------+------------+
    |  Clock |  Target  | Estimated| Uncertainty|
    +--------+----------+----------+------------+
    |ap_clk  |  10.00 ns|  7.256 ns|     2.70 ns|
    +--------+----------+----------+------------+

+ Latency: 
    * Summary: 
    +---------+---------+----------+----------+-----+-----+-------------------+
    |  Latency (cycles) |  Latency (absolute) |  Interval |      Pipeline     |
    |   min   |   max   |    min   |    max   | min | max |        Type       |
    +---------+---------+----------+----------+-----+-----+-------------------+
    |       28|       28|  0.280 us|  0.280 us|    0|    0|  loop pipeline stp|
    +---------+---------+----------+----------+-----+-----+-------------------+

    + Detail: 
        * Instance: 
        N/A

        * Loop: 
        +-------------------+---------+---------+----------+-----------+-----------+------+----------+
        |                   |  Latency (cycles) | Iteration|  Initiation Interval  | Trip |          |
        |     Loop Name     |   min   |   max   |  Latency |  achieved |   target  | Count| Pipelined|
        +-------------------+---------+---------+----------+-----------+-----------+------+----------+
        |- VITIS_LOOP_48_3  |       26|       26|        12|          1|          1|    16|       yes|
        +-------------------+---------+---------+----------+-----------+-----------+------+----------+

============================================================
+ Verbose Summary: Synthesis Manager
============================================================
InlineROM: 1
ExposeGlobal: 0
============================================================
+ Verbose Summary: CDFG Model
============================================================
IsTopModel: 0
ResetActiveHigh: 1
IsCombinational: 0
IsDatapathOnly: 0
HasWiredReturn: 1
HasMFsm: 2
HasVarLatency: 1
IsPipeline: 0
IsRtlPipelined: 0
IsInstanceOverlapped: 0
IsDontTouch: 0
HasImplIP: 0
IsGatedGlobalClock: 0

+ Individual pipeline summary: 
  * Pipeline-0: initiation interval (II) = 1, depth = 12


============================================================
+ Verbose Summary: Schedule
============================================================
* Number of FSM states : 12
* Pipeline : 1
  Pipeline-0 : II = 1, D = 12, States = { 1 2 3 4 5 6 7 8 9 10 11 12 }
* Dataflow Pipeline: 0

* FSM state transitions: 
1 --> 2 
2 --> 3 
3 --> 4 
4 --> 5 
5 --> 6 
6 --> 7 
7 --> 8 
8 --> 9 
9 --> 10 
10 --> 11 
11 --> 12 
12 --> 

* FSM state operations: 

State 1 <SV = 0> <Delay = 4.95>
ST_1 : Operation 15 [1/1] (0.00ns)   --->   "%i = alloca i32 1" [../lms_filter.cpp:48]   --->   Operation 15 'alloca' 'i' <Predicate = true> <Delay = 0.00>
ST_1 : Operation 16 [1/1] (0.00ns)   --->   "%mul1_read = read i32 @_ssdm_op_Read.ap_auto.float, i32 %mul1"   --->   Operation 16 'read' 'mul1_read' <Predicate = true> <Delay = 0.00>
ST_1 : Operation 17 [1/1] (1.58ns)   --->   "%store_ln48 = store i5 0, i5 %i" [../lms_filter.cpp:48]   --->   Operation 17 'store' 'store_ln48' <Predicate = true> <Delay = 1.58>
ST_1 : Operation 18 [1/1] (0.00ns)   --->   "%br_ln0 = br void %for.inc37"   --->   Operation 18 'br' 'br_ln0' <Predicate = true> <Delay = 0.00>
ST_1 : Operation 19 [1/1] (0.00ns)   --->   "%i_1 = load i5 %i" [../lms_filter.cpp:48]   --->   Operation 19 'load' 'i_1' <Predicate = true> <Delay = 0.00>
ST_1 : Operation 20 [1/1] (1.78ns)   --->   "%icmp_ln48 = icmp_eq  i5 %i_1, i5 16" [../lms_filter.cpp:48]   --->   Operation 20 'icmp' 'icmp_ln48' <Predicate = true> <Delay = 1.78> <CoreInst = "Cmp">   --->   Core 9 'Cmp' <Latency = 0> <II = 1> <Delay = 1.78> <FuncUnit> <Opcode : 'seteq' 'setne' 'setle' 'setge' 'setlt' 'setgt'> <InPorts = 2> <OutPorts = 1>
ST_1 : Operation 21 [1/1] (1.78ns)   --->   "%add_ln48 = add i5 %i_1, i5 1" [../lms_filter.cpp:48]   --->   Operation 21 'add' 'add_ln48' <Predicate = true> <Delay = 1.78> <CoreInst = "Adder">   --->   Core 1 'Adder' <Latency = 0> <II = 1> <Delay = 1.78> <FuncUnit> <Opcode : 'add' 'sub'> <InPorts = 2> <OutPorts = 1>
ST_1 : Operation 22 [1/1] (0.00ns)   --->   "%br_ln48 = br i1 %icmp_ln48, void %for.inc37.split, void %for.end39.exitStub" [../lms_filter.cpp:48]   --->   Operation 22 'br' 'br_ln48' <Predicate = true> <Delay = 0.00>
ST_1 : Operation 23 [1/1] (0.00ns)   --->   "%zext_ln48 = zext i5 %i_1" [../lms_filter.cpp:48]   --->   Operation 23 'zext' 'zext_ln48' <Predicate = (!icmp_ln48)> <Delay = 0.00>
ST_1 : Operation 24 [1/1] (0.00ns)   --->   "%x_buf_addr = getelementptr i32 %x_buf, i64 0, i64 %zext_ln48" [../lms_filter.cpp:50]   --->   Operation 24 'getelementptr' 'x_buf_addr' <Predicate = (!icmp_ln48)> <Delay = 0.00>
ST_1 : Operation 25 [2/2] (2.32ns)   --->   "%x_buf_load = load i4 %x_buf_addr" [../lms_filter.cpp:50]   --->   Operation 25 'load' 'x_buf_load' <Predicate = (!icmp_ln48)> <Delay = 2.32> <CoreInst = "RAM">   --->   Core 81 'RAM' <Latency = 1> <II = 1> <Delay = 2.32> <Storage> <Opcode : 'load' 'store'> <Ports = 2> <Width = 32> <Depth = 16> <RAM>
ST_1 : Operation 26 [1/1] (0.00ns)   --->   "%weights_addr = getelementptr i32 %weights, i64 0, i64 %zext_ln48" [../lms_filter.cpp:50]   --->   Operation 26 'getelementptr' 'weights_addr' <Predicate = (!icmp_ln48)> <Delay = 0.00>
ST_1 : Operation 27 [1/1] (1.58ns)   --->   "%store_ln48 = store i5 %add_ln48, i5 %i" [../lms_filter.cpp:48]   --->   Operation 27 'store' 'store_ln48' <Predicate = (!icmp_ln48)> <Delay = 1.58>

State 2 <SV = 1> <Delay = 2.32>
ST_2 : Operation 28 [1/2] ( I:2.32ns O:2.32ns )   --->   "%x_buf_load = load i4 %x_buf_addr" [../lms_filter.cpp:50]   --->   Operation 28 'load' 'x_buf_load' <Predicate = true> <Delay = 2.32> <CoreInst = "RAM">   --->   Core 81 'RAM' <Latency = 1> <II = 1> <Delay = 2.32> <Storage> <Opcode : 'load' 'store'> <Ports = 2> <Width = 32> <Depth = 16> <RAM>

State 3 <SV = 2> <Delay = 5.70>
ST_3 : Operation 29 [4/4] (5.70ns)   --->   "%mul2 = fmul i32 %mul1_read, i32 %x_buf_load" [../lms_filter.cpp:50]   --->   Operation 29 'fmul' 'mul2' <Predicate = true> <Delay = 5.70> <CoreInst = "FMul_maxdsp">   --->   Core 30 'FMul_maxdsp' <Latency = 3> <II = 1> <Delay = 5.70> <FuncUnit> <Opcode : 'fmul'> <InPorts = 2> <OutPorts = 1>

State 4 <SV = 3> <Delay = 5.70>
ST_4 : Operation 30 [3/4] (5.70ns)   --->   "%mul2 = fmul i32 %mul1_read, i32 %x_buf_load" [../lms_filter.cpp:50]   --->   Operation 30 'fmul' 'mul2' <Predicate = true> <Delay = 5.70> <CoreInst = "FMul_maxdsp">   --->   Core 30 'FMul_maxdsp' <Latency = 3> <II = 1> <Delay = 5.70> <FuncUnit> <Opcode : 'fmul'> <InPorts = 2> <OutPorts = 1>

State 5 <SV = 4> <Delay = 5.70>
ST_5 : Operation 31 [2/4] (5.70ns)   --->   "%mul2 = fmul i32 %mul1_read, i32 %x_buf_load" [../lms_filter.cpp:50]   --->   Operation 31 'fmul' 'mul2' <Predicate = true> <Delay = 5.70> <CoreInst = "FMul_maxdsp">   --->   Core 30 'FMul_maxdsp' <Latency = 3> <II = 1> <Delay = 5.70> <FuncUnit> <Opcode : 'fmul'> <InPorts = 2> <OutPorts = 1>
ST_5 : Operation 32 [2/2] (2.32ns)   --->   "%weights_load = load i4 %weights_addr" [../lms_filter.cpp:50]   --->   Operation 32 'load' 'weights_load' <Predicate = true> <Delay = 2.32> <CoreInst = "RAM">   --->   Core 81 'RAM' <Latency = 1> <II = 1> <Delay = 2.32> <Storage> <Opcode : 'load' 'store'> <Ports = 2> <Width = 32> <Depth = 16> <RAM>

State 6 <SV = 5> <Delay = 5.70>
ST_6 : Operation 33 [1/4] (5.70ns)   --->   "%mul2 = fmul i32 %mul1_read, i32 %x_buf_load" [../lms_filter.cpp:50]   --->   Operation 33 'fmul' 'mul2' <Predicate = true> <Delay = 5.70> <CoreInst = "FMul_maxdsp">   --->   Core 30 'FMul_maxdsp' <Latency = 3> <II = 1> <Delay = 5.70> <FuncUnit> <Opcode : 'fmul'> <InPorts = 2> <OutPorts = 1>
ST_6 : Operation 34 [1/2] ( I:2.32ns O:2.32ns )   --->   "%weights_load = load i4 %weights_addr" [../lms_filter.cpp:50]   --->   Operation 34 'load' 'weights_load' <Predicate = true> <Delay = 2.32> <CoreInst = "RAM">   --->   Core 81 'RAM' <Latency = 1> <II = 1> <Delay = 2.32> <Storage> <Opcode : 'load' 'store'> <Ports = 2> <Width = 32> <Depth = 16> <RAM>

State 7 <SV = 6> <Delay = 7.25>
ST_7 : Operation 35 [5/5] (7.25ns)   --->   "%add = fadd i32 %weights_load, i32 %mul2" [../lms_filter.cpp:50]   --->   Operation 35 'fadd' 'add' <Predicate = true> <Delay = 7.25> <CoreInst = "FAddSub_fulldsp">   --->   Core 18 'FAddSub_fulldsp' <Latency = 4> <II = 1> <Delay = 7.25> <FuncUnit> <Opcode : 'fadd' 'fsub'> <InPorts = 2> <OutPorts = 1>

State 8 <SV = 7> <Delay = 7.25>
ST_8 : Operation 36 [4/5] (7.25ns)   --->   "%add = fadd i32 %weights_load, i32 %mul2" [../lms_filter.cpp:50]   --->   Operation 36 'fadd' 'add' <Predicate = true> <Delay = 7.25> <CoreInst = "FAddSub_fulldsp">   --->   Core 18 'FAddSub_fulldsp' <Latency = 4> <II = 1> <Delay = 7.25> <FuncUnit> <Opcode : 'fadd' 'fsub'> <InPorts = 2> <OutPorts = 1>

State 9 <SV = 8> <Delay = 7.25>
ST_9 : Operation 37 [3/5] (7.25ns)   --->   "%add = fadd i32 %weights_load, i32 %mul2" [../lms_filter.cpp:50]   --->   Operation 37 'fadd' 'add' <Predicate = true> <Delay = 7.25> <CoreInst = "FAddSub_fulldsp">   --->   Core 18 'FAddSub_fulldsp' <Latency = 4> <II = 1> <Delay = 7.25> <FuncUnit> <Opcode : 'fadd' 'fsub'> <InPorts = 2> <OutPorts = 1>

State 10 <SV = 9> <Delay = 7.25>
ST_10 : Operation 38 [2/5] (7.25ns)   --->   "%add = fadd i32 %weights_load, i32 %mul2" [../lms_filter.cpp:50]   --->   Operation 38 'fadd' 'add' <Predicate = true> <Delay = 7.25> <CoreInst = "FAddSub_fulldsp">   --->   Core 18 'FAddSub_fulldsp' <Latency = 4> <II = 1> <Delay = 7.25> <FuncUnit> <Opcode : 'fadd' 'fsub'> <InPorts = 2> <OutPorts = 1>

State 11 <SV = 10> <Delay = 7.25>
ST_11 : Operation 39 [1/5] (7.25ns)   --->   "%add = fadd i32 %weights_load, i32 %mul2" [../lms_filter.cpp:50]   --->   Operation 39 'fadd' 'add' <Predicate = true> <Delay = 7.25> <CoreInst = "FAddSub_fulldsp">   --->   Core 18 'FAddSub_fulldsp' <Latency = 4> <II = 1> <Delay = 7.25> <FuncUnit> <Opcode : 'fadd' 'fsub'> <InPorts = 2> <OutPorts = 1>
ST_11 : Operation 45 [1/1] (1.58ns)   --->   "%ret_ln0 = ret"   --->   Operation 45 'ret' 'ret_ln0' <Predicate = (icmp_ln48)> <Delay = 1.58>

State 12 <SV = 11> <Delay = 2.32>
ST_12 : Operation 40 [1/1] (0.00ns)   --->   "%specpipeline_ln49 = specpipeline void @_ssdm_op_SpecPipeline, i32 1, i32 0, i32 0, i32 0, i32 4294967295, void @empty_1" [../lms_filter.cpp:49]   --->   Operation 40 'specpipeline' 'specpipeline_ln49' <Predicate = true> <Delay = 0.00>
ST_12 : Operation 41 [1/1] (0.00ns)   --->   "%speclooptripcount_ln48 = speclooptripcount void @_ssdm_op_SpecLoopTripCount, i64 16, i64 16, i64 16" [../lms_filter.cpp:48]   --->   Operation 41 'speclooptripcount' 'speclooptripcount_ln48' <Predicate = true> <Delay = 0.00>
ST_12 : Operation 42 [1/1] (0.00ns)   --->   "%specloopname_ln48 = specloopname void @_ssdm_op_SpecLoopName, void @empty_7" [../lms_filter.cpp:48]   --->   Operation 42 'specloopname' 'specloopname_ln48' <Predicate = true> <Delay = 0.00>
ST_12 : Operation 43 [1/1] ( I:2.32ns O:2.32ns )   --->   "%store_ln50 = store i32 %add, i4 %weights_addr" [../lms_filter.cpp:50]   --->   Operation 43 'store' 'store_ln50' <Predicate = true> <Delay = 2.32> <CoreInst = "RAM">   --->   Core 81 'RAM' <Latency = 1> <II = 1> <Delay = 2.32> <Storage> <Opcode : 'load' 'store'> <Ports = 2> <Width = 32> <Depth = 16> <RAM>
ST_12 : Operation 44 [1/1] (0.00ns)   --->   "%br_ln48 = br void %for.inc37" [../lms_filter.cpp:48]   --->   Operation 44 'br' 'br_ln48' <Predicate = true> <Delay = 0.00>


============================================================
+ Verbose Summary: Timing violations
============================================================
Target clock period: 10.000ns, clock uncertainty: 2.700ns.

 <State 1>: 4.956ns
The critical path consists of the following:
	'store' operation ('store_ln48', ../lms_filter.cpp:48) of constant 0 5 bit on local variable 'i', ../lms_filter.cpp:48 [6]  (1.588 ns)
	'load' operation 5 bit ('i', ../lms_filter.cpp:48) on local variable 'i', ../lms_filter.cpp:48 [9]  (0.000 ns)
	'icmp' operation 1 bit ('icmp_ln48', ../lms_filter.cpp:48) [10]  (1.780 ns)
	'store' operation ('store_ln48', ../lms_filter.cpp:48) of variable 'add_ln48', ../lms_filter.cpp:48 5 bit on local variable 'i', ../lms_filter.cpp:48 [25]  (1.588 ns)

 <State 2>: 2.322ns
The critical path consists of the following:
	'load' operation 32 bit ('x_buf_load', ../lms_filter.cpp:50) on array 'x_buf' [19]  (2.322 ns)

 <State 3>: 5.702ns
The critical path consists of the following:
	'fmul' operation 32 bit ('mul2', ../lms_filter.cpp:50) [20]  (5.702 ns)

 <State 4>: 5.702ns
The critical path consists of the following:
	'fmul' operation 32 bit ('mul2', ../lms_filter.cpp:50) [20]  (5.702 ns)

 <State 5>: 5.702ns
The critical path consists of the following:
	'fmul' operation 32 bit ('mul2', ../lms_filter.cpp:50) [20]  (5.702 ns)

 <State 6>: 5.702ns
The critical path consists of the following:
	'fmul' operation 32 bit ('mul2', ../lms_filter.cpp:50) [20]  (5.702 ns)

 <State 7>: 7.256ns
The critical path consists of the following:
	'fadd' operation 32 bit ('add', ../lms_filter.cpp:50) [23]  (7.256 ns)

 <State 8>: 7.256ns
The critical path consists of the following:
	'fadd' operation 32 bit ('add', ../lms_filter.cpp:50) [23]  (7.256 ns)

 <State 9>: 7.256ns
The critical path consists of the following:
	'fadd' operation 32 bit ('add', ../lms_filter.cpp:50) [23]  (7.256 ns)

 <State 10>: 7.256ns
The critical path consists of the following:
	'fadd' operation 32 bit ('add', ../lms_filter.cpp:50) [23]  (7.256 ns)

 <State 11>: 7.256ns
The critical path consists of the following:
	'fadd' operation 32 bit ('add', ../lms_filter.cpp:50) [23]  (7.256 ns)

 <State 12>: 2.322ns
The critical path consists of the following:
	'store' operation ('store_ln50', ../lms_filter.cpp:50) of variable 'add', ../lms_filter.cpp:50 32 bit on array 'weights' [24]  (2.322 ns)


============================================================
+ Verbose Summary: Binding
============================================================
N/A
* FSMD analyzer results:
  - Output states:
 - Input state : 
  - Chain level:
	State 1
	State 2
	State 3
	State 4
	State 5
	State 6
	State 7
	State 8
	State 9
	State 10
	State 11
	State 12


============================================================
+ Verbose Summary: Datapath Resource usage 
============================================================
N/A
